{"tool":"pest","result":"failed","tests":3,"passed":0,"assertions":20,"duration_ms":514,"failed":1,"failures":[{"test":"P\\Tests\\Feature\\Auth\\SecurityDemoTest::__pest_evaluable_login_requests_are_rate_limited_after_5_attempts","file":"\\Users\\janss\\Herd\\iqarchive\\vendor\\laravel\\framework\\src\\Illuminate\\Testing\\TestResponseAssert.php","line":45,"message":"Expected response status code [201, 301, 302, 303, 307, 308] but received 429.\nFailed asserting that false is true."}],"errors":2,"error_details":[{"test":"P\\Tests\\Feature\\Auth\\SecurityDemoTest::__pest_evaluable_two_factor_authentication_can_be_completed_via_recovery_code","file":"\\Users\\janss\\Herd\\iqarchive\\vendor\\laravel\\framework\\src\\Illuminate\\Testing\\TestResponseAssert.php","line":81,"message":"Call to a member function all() on array"},{"test":"P\\Tests\\Feature\\Auth\\SecurityDemoTest::__pest_evaluable_two_factor_login_requests_are_rate_limited_after_5_attempts","file":"\\Users\\janss\\Herd\\iqarchive\\vendor\\laravel\\framework\\src\\Illuminate\\Testing\\TestResponseAssert.php","line":81,"message":"Call to a member function all() on array"}]}
